// Jest Snapshot v1, https://goo.gl/fbAQLP

exports[`renders information correctly 1`] = `
<View
  closeOnRowBeginSwipe={false}
  closeOnRowPress={true}
  closeOnScroll={true}
  directionalDistanceChangeThreshold={2}
  disableLeftSwipe={false}
  disableRightSwipe={false}
  leftOpenValue={0}
  previewFirstRow={false}
  recalculateHiddenLayout={false}
  rightOpenValue={0}
  scrollEnabled={false}
  style={
    Array [
      Object {},
      Object {
        "backgroundColor": "#fff",
        "height": 1220,
      },
    ]
  }
  swipeToOpenPercent={50}
  virtual={undefined}
>
  <RCTScrollView
    data={Array []}
    disableVirtualization={false}
    getItem={[Function]}
    getItemCount={[Function]}
    horizontal={false}
    initialNumToRender={10}
    keyExtractor={[Function]}
    maxToRenderPerBatch={10}
    numColumns={1}
    onContentSizeChange={[Function]}
    onEndReached={[Function]}
    onEndReachedThreshold={2}
    onLayout={[Function]}
    onMomentumScrollEnd={[Function]}
    onRefresh={[Function]}
    onScroll={[Function]}
    onScrollBeginDrag={[Function]}
    onScrollEndDrag={[Function]}
    onViewableItemsChanged={undefined}
    refreshControl={
      <RefreshControlMock
        onRefresh={[Function]}
        progressViewOffset={undefined}
        refreshing={true}
      />
    }
    refreshing={true}
    renderItem={[Function]}
    scrollEventThrottle={50}
    stickyHeaderIndices={Array []}
    updateCellsBatchingPeriod={50}
    windowSize={21}
  >
    <RCTRefreshControl />
    <View />
  </RCTScrollView>
</View>
`;

exports[`renders loading correctly 1`] = `
<View
  closeOnRowBeginSwipe={false}
  closeOnRowPress={true}
  closeOnScroll={true}
  directionalDistanceChangeThreshold={2}
  disableLeftSwipe={false}
  disableRightSwipe={false}
  leftOpenValue={0}
  previewFirstRow={false}
  recalculateHiddenLayout={false}
  rightOpenValue={0}
  scrollEnabled={false}
  style={
    Array [
      Object {},
      Object {
        "backgroundColor": "#fff",
        "height": 1220,
      },
    ]
  }
  swipeToOpenPercent={50}
  virtual={undefined}
>
  <RCTScrollView
    data={Array []}
    disableVirtualization={false}
    getItem={[Function]}
    getItemCount={[Function]}
    horizontal={false}
    initialNumToRender={10}
    keyExtractor={[Function]}
    maxToRenderPerBatch={10}
    numColumns={1}
    onContentSizeChange={[Function]}
    onEndReached={[Function]}
    onEndReachedThreshold={2}
    onLayout={[Function]}
    onMomentumScrollEnd={[Function]}
    onRefresh={[Function]}
    onScroll={[Function]}
    onScrollBeginDrag={[Function]}
    onScrollEndDrag={[Function]}
    onViewableItemsChanged={undefined}
    refreshControl={
      <RefreshControlMock
        onRefresh={[Function]}
        progressViewOffset={undefined}
        refreshing={true}
      />
    }
    refreshing={true}
    renderItem={[Function]}
    scrollEventThrottle={50}
    stickyHeaderIndices={Array []}
    updateCellsBatchingPeriod={50}
    windowSize={21}
  >
    <RCTRefreshControl />
    <View />
  </RCTScrollView>
</View>
`;
