// Jest Snapshot v1, https://goo.gl/fbAQLP

exports[`renders error correctly 1`] = `
<Text
  accessible={true}
  allowFontScaling={true}
  disabled={false}
  ellipsizeMode="tail"
  style={
    Object {
      "color": "#000",
      "fontFamily": "System",
      "fontSize": 16,
    }
  }
  uppercase={false}
  virtual={undefined}
>
  Error: Error test
</Text>
`;

exports[`renders information correctly 1`] = `
<View
  style={
    Object {
      "flex": 1,
      "height": 1334,
    }
  }
  virtual={undefined}
>
  <RCTScrollView
    automaticallyAdjustContentInsets={false}
    contentInset={
      Object {
        "bottom": 0,
      }
    }
    enableAutoAutomaticScroll={true}
    enableResetScrollToCoords={true}
    extraHeight={75}
    extraScrollHeight={0}
    keyboardDismissMode="interactive"
    keyboardOpeningTime={250}
    onScroll={[Function]}
    resetScrollToCoords={
      Object {
        "x": 0,
        "y": 0,
      }
    }
    scrollEventThrottle={0}
    showsVerticalScrollIndicator={true}
    style={
      Object {
        "backgroundColor": "transparent",
        "flex": 1,
      }
    }
    virtual={undefined}
  >
    <View>
      <View
        style={
          Object {
            "backgroundColor": "#fff",
          }
        }
      >
        <View
          bordered={true}
          style={
            Object {
              "backgroundColor": "#F0EFF5",
              "borderBottomWidth": 0.5,
              "borderColor": "#c9c9c9",
              "borderTopWidth": 0.5,
              "flex": 1,
              "height": 35,
              "justifyContent": "center",
              "paddingBottom": 10,
              "paddingLeft": 15,
              "paddingTop": 12,
            }
          }
          virtual={undefined}
        >
          <Text
            accessible={true}
            allowFontScaling={true}
            disabled={false}
            ellipsizeMode="tail"
            style={
              Object {
                "color": "#777",
                "fontFamily": "System",
                "fontSize": 12,
              }
            }
            uppercase={false}
            virtual={undefined}
          >
            Profile
          </Text>
        </View>
        <View
          accessibilityComponentType={undefined}
          accessibilityLabel={undefined}
          accessibilityTraits={undefined}
          accessible={true}
          hasTVPreferredFocus={undefined}
          hitSlop={undefined}
          isTVSelectable={true}
          nativeID={undefined}
          onLayout={undefined}
          onResponderGrant={[Function]}
          onResponderMove={[Function]}
          onResponderRelease={[Function]}
          onResponderTerminate={[Function]}
          onResponderTerminationRequest={[Function]}
          onStartShouldSetResponder={[Function]}
          style={
            Array [
              Object {
                "backgroundColor": "transparent",
              },
              undefined,
            ]
          }
          testID={undefined}
          tvParallaxProperties={undefined}
        >
          <View
            style={
              Object {
                "alignItems": "center",
                "backgroundColor": "#fff",
                "borderBottomWidth": 0.5,
                "borderColor": "#c9c9c9",
                "flexDirection": "row",
                "marginLeft": 15,
                "paddingBottom": 13,
                "paddingRight": 15,
                "paddingTop": 13,
              }
            }
            virtual={undefined}
          >
            <View
              style={
                Object {
                  "flex": 1,
                  "flexDirection": "column",
                }
              }
            >
              <View
                style={
                  Object {
                    "flex": 1,
                    "flexDirection": "row",
                  }
                }
              >
                <View
                  style={
                    Object {
                      "width": "100%",
                    }
                  }
                >
                  <View>
                    <Text
                      accessible={true}
                      allowFontScaling={true}
                      disabled={false}
                      ellipsizeMode="tail"
                      style={
                        Array [
                          Object {
                            "alignSelf": "center",
                            "color": "#000",
                            "fontFamily": "System",
                            "fontSize": 16,
                          },
                          Object {
                            "alignSelf": "flex-start",
                          },
                        ]
                      }
                      uppercase={false}
                      virtual={undefined}
                    >
                      test
                    </Text>
                  </View>
                  <View
                    style={
                      Object {
                        "position": "absolute",
                        "right": 0,
                        "top": 0,
                      }
                    }
                  >
                    <ActivityIndicator
                      animating={true}
                      color="#00a6de"
                      hidesWhenStopped={true}
                      size="large"
                      style={
                        Object {
                          "height": 80,
                        }
                      }
                      virtual={undefined}
                    />
                  </View>
                </View>
              </View>
              <View
                style={
                  Object {
                    "flex": 1,
                    "flexDirection": "row",
                  }
                }
              >
                <Text
                  accessible={true}
                  allowFontScaling={true}
                  disabled={false}
                  ellipsizeMode="tail"
                  note={true}
                  style={
                    Array [
                      Object {
                        "alignSelf": "center",
                        "color": "#808080",
                        "fontFamily": "System",
                        "fontSize": 14,
                        "fontWeight": "200",
                      },
                      Object {
                        "marginTop": 5,
                      },
                    ]
                  }
                  uppercase={false}
                  virtual={undefined}
                >
                  test
                </Text>
              </View>
              <View
                style={
                  Array [
                    Object {
                      "alignItems": "center",
                      "flexDirection": "row",
                      "flexWrap": "wrap",
                    },
                    Object {
                      "marginTop": 5,
                    },
                  ]
                }
              >
                <View
                  style={
                    Array [
                      Object {
                        "alignItems": "center",
                        "flexDirection": "row",
                        "flexWrap": "wrap",
                      },
                      Object {
                        "marginRight": 10,
                      },
                    ]
                  }
                >
                  <View
                    style={
                      Object {
                        "backgroundColor": "#ffffff",
                        "borderRadius": 7,
                        "height": 7,
                        "marginRight": 5,
                        "width": 7,
                      }
                    }
                  />
                  <Text
                    accessible={true}
                    allowFontScaling={true}
                    disabled={false}
                    ellipsizeMode="tail"
                    note={true}
                    style={
                      Object {
                        "alignSelf": "center",
                        "color": "#808080",
                        "fontFamily": "System",
                        "fontSize": 14,
                        "fontWeight": "200",
                      }
                    }
                    uppercase={false}
                    virtual={undefined}
                  >
                    test
                  </Text>
                </View>
                <View
                  style={
                    Array [
                      Object {
                        "alignItems": "center",
                        "flexDirection": "row",
                        "flexWrap": "wrap",
                      },
                      Object {
                        "marginRight": 10,
                      },
                    ]
                  }
                >
                  <Text
                    accessible={true}
                    allowFontScaling={false}
                    disabled={false}
                    ellipsizeMode="tail"
                    style={
                      Array [
                        Object {
                          "color": undefined,
                          "fontSize": 12,
                        },
                        Object {
                          "marginRight": 5,
                        },
                        Object {
                          "fontFamily": "Ionicons",
                          "fontStyle": "normal",
                          "fontWeight": "normal",
                        },
                      ]
                    }
                  >
                    
                  </Text>
                  <Text
                    accessible={true}
                    allowFontScaling={true}
                    disabled={false}
                    ellipsizeMode="tail"
                    note={true}
                    style={
                      Object {
                        "alignSelf": "center",
                        "color": "#808080",
                        "fontFamily": "System",
                        "fontSize": 14,
                        "fontWeight": "200",
                      }
                    }
                    uppercase={false}
                    virtual={undefined}
                  >
                    0
                  </Text>
                </View>
                <View
                  style={
                    Array [
                      Object {
                        "alignItems": "center",
                        "flexDirection": "row",
                        "flexWrap": "wrap",
                      },
                      Object {
                        "marginRight": 10,
                      },
                    ]
                  }
                >
                  <Text
                    accessible={true}
                    allowFontScaling={false}
                    disabled={false}
                    ellipsizeMode="tail"
                    style={
                      Array [
                        Object {
                          "color": undefined,
                          "fontSize": 12,
                        },
                        Object {
                          "marginRight": 5,
                        },
                        Object {
                          "fontFamily": "Ionicons",
                          "fontStyle": "normal",
                          "fontWeight": "normal",
                        },
                      ]
                    }
                  >
                    
                  </Text>
                  <Text
                    accessible={true}
                    allowFontScaling={true}
                    disabled={false}
                    ellipsizeMode="tail"
                    note={true}
                    style={
                      Object {
                        "alignSelf": "center",
                        "color": "#808080",
                        "fontFamily": "System",
                        "fontSize": 14,
                        "fontWeight": "200",
                      }
                    }
                    uppercase={false}
                    virtual={undefined}
                  >
                    0
                  </Text>
                </View>
                <Text
                  accessible={true}
                  allowFontScaling={true}
                  disabled={false}
                  ellipsizeMode="tail"
                  note={true}
                  style={
                    Object {
                      "alignSelf": "center",
                      "color": "#808080",
                      "fontFamily": "System",
                      "fontSize": 14,
                      "fontWeight": "200",
                    }
                  }
                  uppercase={false}
                  virtual={undefined}
                >
                  Updated at 
                  Invalid Date
                </Text>
              </View>
            </View>
          </View>
        </View>
        <View
          accessibilityComponentType={undefined}
          accessibilityLabel={undefined}
          accessibilityTraits={undefined}
          accessible={true}
          hasTVPreferredFocus={undefined}
          hitSlop={undefined}
          isTVSelectable={true}
          nativeID={undefined}
          onLayout={undefined}
          onResponderGrant={[Function]}
          onResponderMove={[Function]}
          onResponderRelease={[Function]}
          onResponderTerminate={[Function]}
          onResponderTerminationRequest={[Function]}
          onStartShouldSetResponder={[Function]}
          style={
            Array [
              Object {
                "backgroundColor": "transparent",
              },
              undefined,
            ]
          }
          testID={undefined}
          tvParallaxProperties={undefined}
        >
          <View
            icon={true}
            last={false}
            onPress={undefined}
            style={
              Object {
                "alignItems": "center",
                "backgroundColor": "#fff",
                "borderBottomWidth": null,
                "borderColor": "#c9c9c9",
                "flexDirection": "row",
                "height": 44,
                "justifyContent": "center",
                "marginLeft": 15,
                "paddingBottom": null,
                "paddingRight": null,
                "paddingTop": null,
              }
            }
            virtual={undefined}
          >
            <View
              style={
                Object {
                  "alignItems": "center",
                  "alignSelf": "center",
                  "flex": 0,
                  "flexDirection": "row",
                  "height": 44,
                  "justifyContent": "center",
                  "paddingRight": 15,
                }
              }
              virtual={undefined}
            >
              <Text
                accessible={true}
                allowFontScaling={false}
                disabled={false}
                ellipsizeMode="tail"
                style={
                  Array [
                    Object {
                      "color": undefined,
                      "fontSize": 20,
                    },
                    Object {
                      "width": 20,
                    },
                    Object {
                      "fontFamily": "Ionicons",
                      "fontStyle": "normal",
                      "fontWeight": "normal",
                    },
                  ]
                }
              >
                
              </Text>
            </View>
            <View
              style={
                Object {
                  "alignItems": null,
                  "alignSelf": null,
                  "borderBottomWidth": 0.5,
                  "borderColor": "#c9c9c9",
                  "flex": 1,
                  "height": 44,
                  "justifyContent": "center",
                }
              }
              virtual={undefined}
            >
              <Text
                accessible={true}
                allowFontScaling={true}
                disabled={false}
                ellipsizeMode="tail"
                style={
                  Object {
                    "color": "#000",
                    "fontFamily": "System",
                    "fontSize": 17,
                    "marginLeft": null,
                    "marginRight": 10,
                  }
                }
                uppercase={false}
                virtual={undefined}
              >
                Created
              </Text>
            </View>
            <View
              style={
                Object {
                  "alignItems": "center",
                  "alignSelf": "stretch",
                  "borderBottomWidth": 0.5,
                  "borderColor": "#c9c9c9",
                  "flex": 0,
                  "flexDirection": "row",
                  "height": 44,
                  "justifyContent": "flex-end",
                  "paddingBottom": null,
                  "paddingLeft": null,
                  "paddingRight": 15,
                  "paddingTop": null,
                }
              }
              virtual={undefined}
            >
              <Text
                accessible={true}
                allowFontScaling={true}
                disabled={false}
                ellipsizeMode="tail"
                style={
                  Object {
                    "alignSelf": null,
                    "color": "#8F8E95",
                    "fontFamily": "System",
                    "fontSize": 17,
                    "textAlign": "center",
                  }
                }
                uppercase={false}
                virtual={undefined}
              >
                Invalid Date
              </Text>
            </View>
          </View>
        </View>
        <View
          accessibilityComponentType={undefined}
          accessibilityLabel={undefined}
          accessibilityTraits={undefined}
          accessible={true}
          hasTVPreferredFocus={undefined}
          hitSlop={undefined}
          isTVSelectable={true}
          nativeID={undefined}
          onLayout={undefined}
          onResponderGrant={[Function]}
          onResponderMove={[Function]}
          onResponderRelease={[Function]}
          onResponderTerminate={[Function]}
          onResponderTerminationRequest={[Function]}
          onStartShouldSetResponder={[Function]}
          style={
            Array [
              Object {
                "backgroundColor": "transparent",
              },
              undefined,
            ]
          }
          testID={undefined}
          tvParallaxProperties={undefined}
        >
          <View
            icon={true}
            last={true}
            onPress={[Function]}
            style={
              Object {
                "alignItems": "center",
                "backgroundColor": "#fff",
                "borderBottomWidth": 0.5,
                "borderColor": "#c9c9c9",
                "flexDirection": "row",
                "height": 44,
                "justifyContent": "center",
                "marginLeft": -15,
                "paddingBottom": null,
                "paddingLeft": 30,
                "paddingRight": null,
                "paddingTop": null,
                "top": 1,
              }
            }
            virtual={undefined}
          >
            <View
              style={
                Object {
                  "alignItems": "center",
                  "alignSelf": "center",
                  "flex": 0,
                  "flexDirection": "row",
                  "height": 44,
                  "justifyContent": "center",
                  "paddingRight": 15,
                }
              }
              virtual={undefined}
            >
              <Text
                accessible={true}
                allowFontScaling={false}
                disabled={false}
                ellipsizeMode="tail"
                style={
                  Array [
                    Object {
                      "color": undefined,
                      "fontSize": 20,
                    },
                    Object {
                      "width": 20,
                    },
                    Object {
                      "fontFamily": "Ionicons",
                      "fontStyle": "normal",
                      "fontWeight": "normal",
                    },
                  ]
                }
              >
                
              </Text>
            </View>
            <View
              style={
                Object {
                  "alignItems": null,
                  "alignSelf": null,
                  "borderBottomWidth": null,
                  "borderColor": "#c9c9c9",
                  "flex": 1,
                  "height": 44,
                  "justifyContent": "center",
                }
              }
              virtual={undefined}
            >
              <Text
                accessible={true}
                allowFontScaling={true}
                disabled={false}
                ellipsizeMode="tail"
                style={
                  Object {
                    "color": "#000",
                    "fontFamily": "System",
                    "fontSize": 17,
                    "marginLeft": null,
                    "marginRight": 10,
                  }
                }
                uppercase={false}
                virtual={undefined}
              >
                Owner
              </Text>
            </View>
            <View
              style={
                Object {
                  "alignItems": "center",
                  "alignSelf": "stretch",
                  "borderBottomWidth": null,
                  "borderColor": "#c9c9c9",
                  "flex": 0,
                  "flexDirection": "row",
                  "height": 44,
                  "justifyContent": "flex-end",
                  "paddingBottom": null,
                  "paddingLeft": null,
                  "paddingRight": 15,
                  "paddingTop": null,
                }
              }
              virtual={undefined}
            >
              <Text
                accessible={true}
                allowFontScaling={true}
                disabled={false}
                ellipsizeMode="tail"
                style={
                  Object {
                    "alignSelf": null,
                    "color": "#8F8E95",
                    "fontFamily": "System",
                    "fontSize": 17,
                    "textAlign": "center",
                  }
                }
                uppercase={false}
                virtual={undefined}
              >
                test
              </Text>
              <Text
                accessible={true}
                allowFontScaling={false}
                disabled={false}
                ellipsizeMode="tail"
                style={
                  Array [
                    Object {
                      "color": undefined,
                      "fontSize": 12,
                    },
                    Array [
                      Object {
                        "color": "#000",
                        "fontSize": 30,
                      },
                      Object {
                        "alignSelf": "center",
                        "color": "#C8C7CC",
                        "fontSize": 20,
                        "paddingLeft": 10,
                        "paddingTop": 3,
                      },
                    ],
                    Object {
                      "fontFamily": "Ionicons",
                      "fontStyle": "normal",
                      "fontWeight": "normal",
                    },
                  ]
                }
                virtual={undefined}
              >
                
              </Text>
            </View>
          </View>
        </View>
        <View
          bordered={true}
          style={
            Object {
              "backgroundColor": "#F0EFF5",
              "borderBottomWidth": 0.5,
              "borderColor": "#c9c9c9",
              "borderTopWidth": 0.5,
              "flex": 1,
              "height": 35,
              "justifyContent": "center",
              "paddingBottom": 10,
              "paddingLeft": 15,
              "paddingTop": 12,
            }
          }
          virtual={undefined}
        />
        <View
          accessibilityComponentType={undefined}
          accessibilityLabel={undefined}
          accessibilityTraits={undefined}
          accessible={true}
          hasTVPreferredFocus={undefined}
          hitSlop={undefined}
          isTVSelectable={true}
          nativeID={undefined}
          onLayout={undefined}
          onResponderGrant={[Function]}
          onResponderMove={[Function]}
          onResponderRelease={[Function]}
          onResponderTerminate={[Function]}
          onResponderTerminationRequest={[Function]}
          onStartShouldSetResponder={[Function]}
          style={
            Array [
              Object {
                "backgroundColor": "transparent",
              },
              undefined,
            ]
          }
          testID={undefined}
          tvParallaxProperties={undefined}
        >
          <View
            last={true}
            onPress={[Function]}
            style={
              Object {
                "alignItems": "center",
                "backgroundColor": "#fff",
                "borderBottomWidth": 0.5,
                "borderColor": "#c9c9c9",
                "flexDirection": "row",
                "marginLeft": -15,
                "paddingBottom": 13,
                "paddingLeft": 30,
                "paddingRight": 15,
                "paddingTop": 13,
                "top": 1,
              }
            }
            virtual={undefined}
          >
            <View
              style={
                Object {
                  "alignItems": null,
                  "alignSelf": null,
                  "flex": 1,
                }
              }
              virtual={undefined}
            >
              <Text
                accessible={true}
                allowFontScaling={true}
                disabled={false}
                ellipsizeMode="tail"
                style={
                  Object {
                    "color": "#000",
                    "fontFamily": "System",
                    "fontSize": 16,
                    "marginLeft": 10,
                    "marginRight": 10,
                  }
                }
                uppercase={false}
                virtual={undefined}
              >
                View webpage
              </Text>
            </View>
            <View
              style={
                Object {
                  "alignItems": "flex-end",
                  "alignSelf": "center",
                  "flex": 0.28,
                  "paddingBottom": null,
                  "paddingLeft": null,
                  "paddingRight": null,
                  "paddingTop": null,
                }
              }
              virtual={undefined}
            >
              <Text
                accessible={true}
                allowFontScaling={false}
                disabled={false}
                ellipsizeMode="tail"
                style={
                  Array [
                    Object {
                      "color": undefined,
                      "fontSize": 12,
                    },
                    undefined,
                    Object {
                      "fontFamily": "Ionicons",
                      "fontStyle": "normal",
                      "fontWeight": "normal",
                    },
                  ]
                }
              >
                
              </Text>
            </View>
          </View>
        </View>
      </View>
    </View>
  </RCTScrollView>
</View>
`;

exports[`renders loading correctly 1`] = `
<ActivityIndicator
  animating={true}
  color="#00a6de"
  hidesWhenStopped={true}
  size="large"
  style={
    Object {
      "height": 80,
    }
  }
  virtual={undefined}
/>
`;
